[["all about lily chou\\-chou", "Q1329381"]]
[]
[]
[]
[["akihiko shiota", "Q2829028"]]
[]
[["nami iguchi", "Q11373422"]]
[]
[]
[]
[]
[]
[["shin togashi", "Q7497228"]]
[["tamatama", "Q7680948"]]
[]
[]
[]
[["welcome to the quiet room", "Q2362509"]]
[]
[]
[]
[["katsuhiro otomo", "Q378710"]]
[["the case of hana \\& alice", "Q18389392"]]
[]
[]
[]
[["yoshimitsu morita", "Q1138125"]]
[]
[]
[]
[["one million yen girl", "Q11580665"]]
[["vampire", "Q4902517"]]
[]
[["journey to the shore", "Q19824732"]]
[]
[]
[]
[["tokyo ghoul", "Q28315563"]]
[["michael arias", "Q2721204"]]
[]
[]
[]
[]
[]
[]
[]
[]
[]
[]
[["ot\u014dto", "Q4702844"]]
[["junya sat\u014d", "Q6314417"]]
[]
[]
[["shunji iwai", "Q1323347"]]
[]
[["daigo matsui", "Q11529724"]]
[["daisaku kimura", "Q5209600"]]
[]
[["tekkonkinkreet", "Q1200944"]]
[]
[]
[]
[]
[]
[]
[]
[]
[]
[]
[["yoshihiro fukagawa", "Q4209036"]]
[]
[["joe odagiri", "Q288114"]]
[]
[["japanese girls never die", "Q28685484"]]
[]
[]
[]
[]
[]
[["yuki tanada", "Q11316214"]]
[["children of the sea", "Q3545956"]]
[["rurouni kenshin", "Q2750748"]]
[]
[["harmful insect", "Q3127507"]]
[]
[["ry\u016bichi hiroki", "Q901470"]]
[]
[]
[["turtles are surprisingly fast swimmers", "Q1015942"]]
[]
[]
[["kiyoshi kurosawa", "Q53834"]]
[]
[["tetsujin 28\\: the movie", "Q7706876"]]
[]
[]
[]
[]
[["rurouni kenshin\\: kyoto inferno", "Q15284383"]]
[["what a wonderful family\\!", "Q23309021"]]
[["kazuya shiraishi", "Q11580151"]]
[["what a wonderful family\\!", "Q23309021"]]
[["takashi koizumi", "Q3179875"]]
[]
[]
[]
[]
[["hana and alice", "Q1192488"]]
[["honey and clover", "Q546916"]]
[]
[]
[["birds without names", "Q48747707"]]
[]
[]
[]
[]
[]
[]
[]
[]
[["patisserie coin de rue", "Q7145052"]]
[["hula girls", "Q907207"]]
[]
[["tokyo family", "Q11524787"]]
[]
[["list of rurouni kenshin characters", "Q7574735"]]
[["yamato", "Q698309"]]
[["mushishi", "Q4387957"]]
[["suzuki matsuo", "Q11529557"]]
[["y\u014dji yamada", "Q1261335"]]
[["over fence", "Q22126320"]]
[]
[["bong joon\\-ho", "Q495980"]]
[]
[]
[["climbing to spring", "Q18111309"]]
[]
[["rainbow song", "Q373205"]]
[["best wishes for tomorrow", "Q4896840"]]
[["killing", "Q55540912"]]
[]
[["shinya tsukamoto", "Q738544"]]
[["tokyo\\!", "Q485759"]]
[]
[["lee sang\\-il", "Q614697"]]
[["what a wonderful family\\!", "Q23309021"]]
[["shinji aramaki", "Q3482244"]]
[]
[]
[]
[["penguin highway", "Q55284249"]]
[["redline", "Q1207954"]]
[["takeshi koike", "Q3514320"]]
[]
[]
[]
[]
[["nobuhiro yamashita", "Q908962"]]
[["rurouni kenshin\\: densetsu no saigo\\-hen", "Q15284388"]]
[]
[]
[["mixed doubles", "Q42400207"]]
[]
[]
[]
